I'm sorry, but errors were detected in your script. Please correct the
errors listed below, and try again.


File "game/screens.rpy", line 288: expected statement.
    vigation():
              ^

Ren'Py Version: Ren'Py 8.0.3.22090809
Sat Mar 25 20:58:21 2023
